=================================================================
      GASTROLOCAL - SERVIDOR DE ESCRITORIO PARA TU PC 🚀
=================================================================
  ¡Felicidades! Tu servidor GastroLocal está corriendo perfectamente.
  No necesitas emuladores ni teléfonos de prueba en esta computadora.
  Funciona de forma completamente local usando tu red Wi-Fi.
-----------------------------------------------------------------
  👉 PANEL DE ADMINISTRACIÓN (En esta PC):
     http://localhost:8080/admin
-----------------------------------------------------------------
  👉 MENÚ DIGITAL PARA CLIENTES (Para tablets y teléfonos):
     Abra este enlace en los dispositivos conectados a tu Wi-Fi:
     http://192.168.68.111:8080/
=================================================================
Presione Ctrl+C en cualquier momento para detener el servidor.

=================================================================
      GASTROLOCAL - SERVIDOR DE ESCRITORIO PARA TU PC 🚀
=================================================================
  ¡Felicidades! Tu servidor GastroLocal está corriendo perfectamente.
  No necesitas emuladores ni teléfonos de prueba en esta computadora.
  Funciona de forma completamente local usando tu red Wi-Fi.
-----------------------------------------------------------------
  👉 PANEL DE ADMINISTRACIÓN (En esta PC):
     http://localhost:8080/admin
-----------------------------------------------------------------
  👉 MENÚ DIGITAL PARA CLIENTES (Para tablets y teléfonos):
     Abra este enlace en los dispositivos conectados a tu Wi-Fi:
     http://192.168.1.80:8080/
=================================================================
Presione Ctrl+C en cualquier momento para detener el servidor.

=================================================================
      GASTROLOCAL - SERVIDOR DE ESCRITORIO PARA TU PC 🚀
=================================================================
  ¡Felicidades! Tu servidor GastroLocal está corriendo perfectamente.
  No necesitas emuladores ni teléfonos de prueba en esta computadora.
  Funciona de forma completamente local usando tu red Wi-Fi.
-----------------------------------------------------------------
  👉 PANEL DE ADMINISTRACIÓN (En esta PC):
     http://localhost:8080/admin
-----------------------------------------------------------------
  👉 MENÚ DIGITAL PARA CLIENTES (Para tablets y teléfonos):
     Abra este enlace en los dispositivos conectados a tu Wi-Fi:
     http://192.168.1.80:8080/
=================================================================
Presione Ctrl+C en cualquier momento para detener el servidor.

=================================================================
      GASTROLOCAL - SERVIDOR DE ESCRITORIO PARA TU PC 🚀
=================================================================
  ¡Felicidades! Tu servidor GastroLocal está corriendo perfectamente.
  No necesitas emuladores ni teléfonos de prueba en esta computadora.
  Funciona de forma completamente local usando tu red Wi-Fi.
-----------------------------------------------------------------
  👉 PANEL DE ADMINISTRACIÓN (En esta PC):
     http://localhost:8080/admin
-----------------------------------------------------------------
  👉 MENÚ DIGITAL PARA CLIENTES (Para tablets y teléfonos):
     Abra este enlace en los dispositivos conectados a tu Wi-Fi:
     http://192.168.1.80:8080/
=================================================================
Presione Ctrl+C en cualquier momento para detener el servidor.

=================================================================
      GASTROLOCAL - SERVIDOR DE ESCRITORIO PARA TU PC 🚀
=================================================================
  ¡Felicidades! Tu servidor GastroLocal está corriendo perfectamente.
  No necesitas emuladores ni teléfonos de prueba en esta computadora.
  Funciona de forma completamente local usando tu red Wi-Fi.
-----------------------------------------------------------------
  👉 PANEL DE ADMINISTRACIÓN (En esta PC):
     http://localhost:8080/admin
-----------------------------------------------------------------
  👉 MENÚ DIGITAL PARA CLIENTES (Para tablets y teléfonos):
     Abra este enlace en los dispositivos conectados a tu Wi-Fi:
     http://192.168.1.80:8080/
=================================================================
Presione Ctrl+C en cualquier momento para detener el servidor.

=================================================================
      GASTROLOCAL - SERVIDOR DE ESCRITORIO PARA TU PC 🚀
=================================================================
  ¡Felicidades! Tu servidor GastroLocal está corriendo perfectamente.
  No necesitas emuladores ni teléfonos de prueba en esta computadora.
  Funciona de forma completamente local usando tu red Wi-Fi.
-----------------------------------------------------------------
  👉 PANEL DE ADMINISTRACIÓN (En esta PC):
     http://localhost:8080/admin
-----------------------------------------------------------------
  👉 MENÚ DIGITAL PARA CLIENTES (Para tablets y teléfonos):
     Abra este enlace en los dispositivos conectados a tu Wi-Fi:
     http://192.168.1.80:8080/
=================================================================
Presione Ctrl+C en cualquier momento para detener el servidor.

=================================================================
      GASTROLOCAL - SERVIDOR DE ESCRITORIO PARA TU PC 🚀
=================================================================
  ¡Felicidades! Tu servidor GastroLocal está corriendo perfectamente.
  No necesitas emuladores ni teléfonos de prueba en esta computadora.
  Funciona de forma completamente local usando tu red Wi-Fi.
-----------------------------------------------------------------
  👉 PANEL DE ADMINISTRACIÓN (En esta PC):
     http://localhost:8080/admin
-----------------------------------------------------------------
  👉 MENÚ DIGITAL PARA CLIENTES (Para tablets y teléfonos):
     Abra este enlace en los dispositivos conectados a tu Wi-Fi:
     http://192.168.1.80:8080/
=================================================================
Presione Ctrl+C en cualquier momento para detener el servidor.

=================================================================
      GASTROLOCAL - SERVIDOR DE ESCRITORIO PARA TU PC 🚀
=================================================================
  ¡Felicidades! Tu servidor GastroLocal está corriendo perfectamente.
  No necesitas emuladores ni teléfonos de prueba en esta computadora.
  Funciona de forma completamente local usando tu red Wi-Fi.
-----------------------------------------------------------------
  👉 PANEL DE ADMINISTRACIÓN (En esta PC):
     http://localhost:8080/admin
-----------------------------------------------------------------
  👉 MENÚ DIGITAL PARA CLIENTES (Para tablets y teléfonos):
     Abra este enlace en los dispositivos conectados a tu Wi-Fi:
     http://192.168.1.80:8080/
=================================================================
Presione Ctrl+C en cualquier momento para detener el servidor.

=================================================================
      GASTROLOCAL - SERVIDOR DE ESCRITORIO PARA TU PC 🚀
=================================================================
  ¡Felicidades! Tu servidor GastroLocal está corriendo perfectamente.
  No necesitas emuladores ni teléfonos de prueba en esta computadora.
  Funciona de forma completamente local usando tu red Wi-Fi.
-----------------------------------------------------------------
  👉 PANEL DE ADMINISTRACIÓN (En esta PC):
     http://localhost:8080/admin
-----------------------------------------------------------------
  👉 MENÚ DIGITAL PARA CLIENTES (Para tablets y teléfonos):
     Abra este enlace en los dispositivos conectados a tu Wi-Fi:
     http://192.168.1.80:8080/
=================================================================
Presione Ctrl+C en cualquier momento para detener el servidor.

